[36mvite v5.4.21 [32mbuilding for production...[36m[39m
transforming...
[32m✓[39m 466 modules transformed.
rendering chunks...
computing gzip size...
[2mdist/[22m[32mregisterSW.js                    [39m[1m[2m    0.13 kB[22m[1m[22m
[2mdist/[22m[32mmanifest.webmanifest             [39m[1m[2m    0.59 kB[22m[1m[22m
[2mdist/[22m[32mindex.html                       [39m[1m[2m    1.49 kB[22m[1m[22m[2m │ gzip:   0.66 kB[22m
[2mdist/[22m[32massets/photo4-NYVp1VF-.jpeg      [39m[1m[2m   57.45 kB[22m[1m[22m
[2mdist/[22m[32massets/photo7-BlF92buT.jpeg      [39m[1m[2m  132.31 kB[22m[1m[22m
[2mdist/[22m[32massets/photo1-CPJA1CXW.jpeg      [39m[1m[2m  148.01 kB[22m[1m[22m
[2mdist/[22m[32massets/photo6-C4-2qrnL.jpeg      [39m[1m[2m  193.24 kB[22m[1m[22m
[2mdist/[22m[32massets/photo5.jpg-KzS3mKHh.jpeg  [39m[1m[2m1,284.93 kB[22m[1m[22m
[2mdist/[22m[32massets/photo2-sLUOelKs.jpeg      [39m[1m[2m1,285.80 kB[22m[1m[22m
[2mdist/[22m[35massets/index-0YjebkaW.css        [39m[1m[2m   58.37 kB[22m[1m[22m[2m │ gzip:  10.44 kB[22m
[2mdist/[22m[36massets/index-C9NRQOsj.js         [39m[1m[2m  470.60 kB[22m[1m[22m[2m │ gzip: 151.38 kB[22m
[32m✓ built in 3.92s[39m

PWA v0.20.5
mode      generateSW
precache  5 entries (523.05 KiB)
files generated
  dist/sw.js
  dist/workbox-9c191d2f.js
